// Jest Snapshot v1, https://goo.gl/fbAQLP

exports[`Should render EditExpensePage properly 1`] = `
<div>
  <h1>
    Edit expense
  </h1>
  <ExpenseForm
    expense={
      Object {
        "amount": 6000,
        "createdAt": 0,
        "description": "coffee",
        "id": "aaa",
        "note": "",
      }
    }
    onSubmit={[Function]}
  />
  <button
    onClick={[Function]}
  >
    Remove
  </button>
</div>
`;
